---
source: src/query.rs
expression: "&query_execution_results"
---
{
    "./test_crates/changes_trait_sealing/": [
        // TODO
    ]
}
